// Vitest Snapshot v1, https://vitest.dev/guide/snapshot.html

exports[`retirement calculator baselines > preserves an early-retirement result with Social Security 1`] = `
{
  "chartYears": 47,
  "checkpoints": [
    {
      "age": 50,
      "fromPortfolio": 7267,
      "guardrailAction": "none",
      "monthlyNeed": 7267,
      "otherIncome": 0,
      "portfolioBalance": 1673661,
      "ssIncome": 0,
      "stressLevel": "warn",
      "withdrawalRate": 0.0521,
    },
    {
      "age": 55,
      "fromPortfolio": 7998,
      "guardrailAction": "none",
      "monthlyNeed": 7998,
      "otherIncome": 0,
      "portfolioBalance": 1811121,
      "ssIncome": 0,
      "stressLevel": "warn",
      "withdrawalRate": 0.052993,
    },
    {
      "age": 60,
      "fromPortfolio": 8826,
      "guardrailAction": "none",
      "monthlyNeed": 8826,
      "otherIncome": 0,
      "portfolioBalance": 1949349,
      "ssIncome": 0,
      "stressLevel": "warn",
      "withdrawalRate": 0.05433,
    },
    {
      "age": 62,
      "fromPortfolio": 9186,
      "guardrailAction": "none",
      "monthlyNeed": 9186,
      "otherIncome": 0,
      "portfolioBalance": 2003428,
      "ssIncome": 0,
      "stressLevel": "warn",
      "withdrawalRate": 0.055024,
    },
    {
      "age": 65,
      "fromPortfolio": 8062,
      "guardrailAction": "none",
      "monthlyNeed": 8062,
      "otherIncome": 0,
      "portfolioBalance": 2081483,
      "ssIncome": 0,
      "stressLevel": "warn",
      "withdrawalRate": 0.046478,
    },
    {
      "age": 67,
      "fromPortfolio": 2118,
      "guardrailAction": "none",
      "monthlyNeed": 8470,
      "otherIncome": 0,
      "portfolioBalance": 2173989,
      "ssIncome": 6353,
      "stressLevel": "good",
      "withdrawalRate": 0.011688,
    },
    {
      "age": 70,
      "fromPortfolio": 2280,
      "guardrailAction": "none",
      "monthlyNeed": 9121,
      "otherIncome": 0,
      "portfolioBalance": 2576920,
      "ssIncome": 6841,
      "stressLevel": "good",
      "withdrawalRate": 0.010619,
    },
    {
      "age": 75,
      "fromPortfolio": 2580,
      "guardrailAction": "none",
      "monthlyNeed": 10320,
      "otherIncome": 0,
      "portfolioBalance": 3444158,
      "ssIncome": 7740,
      "stressLevel": "good",
      "withdrawalRate": 0.008989,
    },
    {
      "age": 80,
      "fromPortfolio": 2919,
      "guardrailAction": "none",
      "monthlyNeed": 11676,
      "otherIncome": 0,
      "portfolioBalance": 4638150,
      "ssIncome": 8757,
      "stressLevel": "good",
      "withdrawalRate": 0.007552,
    },
    {
      "age": 85,
      "fromPortfolio": 3303,
      "guardrailAction": "none",
      "monthlyNeed": 13211,
      "otherIncome": 0,
      "portfolioBalance": 6287496,
      "ssIncome": 9908,
      "stressLevel": "good",
      "withdrawalRate": 0.006303,
    },
    {
      "age": 90,
      "fromPortfolio": 3737,
      "guardrailAction": "none",
      "monthlyNeed": 14946,
      "otherIncome": 0,
      "portfolioBalance": 8572174,
      "ssIncome": 11210,
      "stressLevel": "good",
      "withdrawalRate": 0.005231,
    },
  ],
  "endingAge": 90,
  "endingBalance": 8572174,
  "gap": 572453,
  "isOnTrack": true,
  "projectedAtRetirement": 1673661,
  "requiredSavings": 1101208,
}
`;

exports[`retirement calculator baselines > preserves income, deposit, contribution-growth, and glidepath behavior 1`] = `
{
  "chartYears": 51,
  "checkpoints": [
    {
      "age": 60,
      "fromPortfolio": 9934,
      "guardrailAction": "none",
      "monthlyNeed": 12434,
      "otherIncome": 2500,
      "portfolioBalance": 3476745,
      "ssIncome": 0,
      "stressLevel": "good",
      "withdrawalRate": 0.034286,
    },
    {
      "age": 62,
      "fromPortfolio": 10539,
      "guardrailAction": "none",
      "monthlyNeed": 13039,
      "otherIncome": 2500,
      "portfolioBalance": 3579536,
      "ssIncome": 0,
      "stressLevel": "good",
      "withdrawalRate": 0.035329,
    },
    {
      "age": 65,
      "fromPortfolio": 9016,
      "guardrailAction": "none",
      "monthlyNeed": 11516,
      "otherIncome": 2500,
      "portfolioBalance": 3724080,
      "ssIncome": 0,
      "stressLevel": "good",
      "withdrawalRate": 0.029051,
    },
    {
      "age": 67,
      "fromPortfolio": 3053,
      "guardrailAction": "none",
      "monthlyNeed": 12217,
      "otherIncome": 2500,
      "portfolioBalance": 3874733,
      "ssIncome": 6664,
      "stressLevel": "good",
      "withdrawalRate": 0.009456,
    },
    {
      "age": 70,
      "fromPortfolio": 3568,
      "guardrailAction": "none",
      "monthlyNeed": 13350,
      "otherIncome": 2500,
      "portfolioBalance": 4361063,
      "ssIncome": 7282,
      "stressLevel": "good",
      "withdrawalRate": 0.009818,
    },
    {
      "age": 80,
      "fromPortfolio": 5655,
      "guardrailAction": "none",
      "monthlyNeed": 17941,
      "otherIncome": 2500,
      "portfolioBalance": 6428476,
      "ssIncome": 9786,
      "stressLevel": "good",
      "withdrawalRate": 0.010556,
    },
    {
      "age": 90,
      "fromPortfolio": 8460,
      "guardrailAction": "none",
      "monthlyNeed": 24111,
      "otherIncome": 2500,
      "portfolioBalance": 9431130,
      "ssIncome": 13152,
      "stressLevel": "good",
      "withdrawalRate": 0.010764,
    },
  ],
  "endingAge": 90,
  "endingBalance": 9431130,
  "gap": 2182151,
  "isOnTrack": true,
  "projectedAtRetirement": 3476745,
  "requiredSavings": 1294594,
}
`;

exports[`retirement calculator baselines > preserves the default calculator result 1`] = `
{
  "chartYears": 46,
  "checkpoints": [
    {
      "age": 67,
      "fromPortfolio": 4982,
      "guardrailAction": "none",
      "monthlyNeed": 8814,
      "otherIncome": 0,
      "portfolioBalance": 805142,
      "ssIncome": 3832,
      "stressLevel": "bad",
      "withdrawalRate": 0.074251,
    },
    {
      "age": 70,
      "fromPortfolio": 5444,
      "guardrailAction": "none",
      "monthlyNeed": 9631,
      "otherIncome": 0,
      "portfolioBalance": 757742,
      "ssIncome": 4188,
      "stressLevel": "bad",
      "withdrawalRate": 0.086211,
    },
    {
      "age": 77,
      "fromPortfolio": 6695,
      "guardrailAction": "none",
      "monthlyNeed": 11845,
      "otherIncome": 0,
      "portfolioBalance": 527030,
      "ssIncome": 5150,
      "stressLevel": "bad",
      "withdrawalRate": 0.152444,
    },
    {
      "age": 87,
      "fromPortfolio": 0,
      "guardrailAction": "none",
      "monthlyNeed": 15919,
      "otherIncome": 0,
      "portfolioBalance": 0,
      "ssIncome": 6921,
      "stressLevel": "bad",
      "withdrawalRate": 0,
    },
    {
      "age": 90,
      "fromPortfolio": 0,
      "guardrailAction": "none",
      "monthlyNeed": 17395,
      "otherIncome": 0,
      "portfolioBalance": 0,
      "ssIncome": 7563,
      "stressLevel": "bad",
      "withdrawalRate": 0,
    },
  ],
  "endingAge": 90,
  "endingBalance": 0,
  "gap": -184202,
  "isOnTrack": false,
  "projectedAtRetirement": 805142,
  "requiredSavings": 989343,
}
`;
